oms 13.5 software only install : ./em13500_linux64.bin EMPREREQ_KIT=true -debug -silent -responseFile /data/software/upgrade.rsp -invPtrLoc /data/oracle/oraInventory/oraInst.loc

after software install we have to stop all the oms services then start the upgrade process. This may take 2-3 hours. 

Go to below directory then run the command in backup ground. 
cd /data/oracle/middleware13.5/sysman/install
nohup sh ConfigureGC.sh -silent -responseFile /data/software/upgrade.rsp  > gcconfigure.log &



To generate the response files :-   ./em13500_linux64.bin  -getResponseFileTemplates -outputLoc/data/software/resp_files

Latest patches to apply to OMS :- 

OMS - Patch 38100300: Oracle Enterprise Manager 13c Release 5 Update 28 (13.5.0.28) for Oracle Management Service=====> Already applied in your oms, you can ignore.
Agent - Patch 38100678: Oracle Enterprise Manager 13c Release 5 Update 28 (13.5.0.28) for Oracle Management Agent
Download latest agentpatcher (13.5,24ai: How to Upgrade AgentPatcher to the Latest Version ( Doc ID 2810322.1 ) ) 33355570
Patch 33355570: Tracking bug to upload AgentPatcher Utility to MOS
19999993 -- OMSPatcher


	
oracle.sysman.db.oms.plugin/13.5.1.0.0 Plugin 38100300 38100334 Oracle Enterprise Manager for Oracle Database 13c Release 5 Plug-in Update 28 (13.5.1.28) for Oracle Management Service

$ OMS
<OMS_HOME>/bin/emctl status oms -details
emcli login -username=sysman
emcli list_plugins_on_server
emctl config oms -list_repos_details
$ export ORACLE_HOME=<13c_MIDDLEWARE_HOME>
$ export PATH=$ORACLE_HOME/OMSPatcher:$PATH
$ omspatcher lspatches
$ OPatch lsinventory -details

	
OMS RU 27 (17-July-2025),Patch 37784425

- 13.5.0 Enterprise Manager Cloud Control Base Platform Monthly Release Update (RU) 27 ( Doc ID 3095179.1 )

AGENT RU 27 (17-July-2025),Patch 37784435

- Enterprise Manager Cloud Control Management Agent 13.5 Release Update (RU) 27 Bug List ( Doc ID 3095221.1 )


--DB parameters changes :- 

SQL> show parameter session_cached_cursors;

NAME				     TYPE	 VALUE
------------------------------------ ----------- ------------------------------
session_cached_cursors		     integer	 50
SQL> alter system set session_cached_cursors=250 scope=both;
alter system set session_cached_cursors=250 scope=both
                                            *
ERROR at line 1:
ORA-02096: specified initialization parameter is not modifiable with this
option


SQL> ALTER SYSTEM SET session_cached_cursors = 200 scope=spfile;

System altered.

SQL> show parameter session_cached_cursors;

NAME				     TYPE	 VALUE
------------------------------------ ----------- ------------------------------
session_cached_cursors		     integer	 50
SQL>

ADD logfile group morethan 300mb size :

alter database add logfile group 12 '/data/files/redo12.log' size 1025m;

job queue process value should be zero.

SQL> show parameter job_queue_processes;

NAME				     TYPE	 VALUE
------------------------------------ ----------- ------------------------------
job_queue_processes		     integer	 50
SQL>
SQL> alter system set job_queue_processes=0 scope=both;

System altered.

SQL> show parameter job_queue_processes;

NAME				     TYPE	 VALUE
------------------------------------ ----------- ------------------------------
job_queue_processes		     integer	 0
SQL>


CBO jjob check : 
Login to database as SYSDBA:

SELECT CLIENT_NAME,
STATUS
FROM DBA_AUTOTASK_CLIENT
WHERE CLIENT_NAME = 'auto optimizer stats collection';

Below is how the job can be disabled:

EXEC DBMS_AUTO_TASK_ADMIN.DISABLE(client_name => 'auto optimizer stats collection', operation => NULL, window_name => NULL);


Below is how the job can be enabled:

exec DBMS_AUTO_TASK_ADMIN.ENABLE(client_name => 'auto optimizer stats collection', operation =>NULL, window_name => NULL);


grant execute on DBMS_RANDOM to DBSNMP;


The parallel max servers parameter will be temporarily set to a lower value

SQL> show parameter servers;

NAME				     TYPE	 VALUE
------------------------------------ ----------- ------------------------------
inmemory_max_populate_servers	     integer	 0
inmemory_trickle_repopulate_servers_ integer	 1
percent
max_auth_servers		     integer	 25
max_shared_servers		     integer
min_auth_servers		     integer	 1
parallel_max_servers		     integer	 640
parallel_min_servers		     integer	 0
parallel_servers_target 	     integer	 128
shared_servers			     integer	 0
SQL> alter system set parallel_max_servers=0 scope=both;

System altered.

SQL>  show parameter servers;

NAME				     TYPE	 VALUE
------------------------------------ ----------- ------------------------------
inmemory_max_populate_servers	     integer	 0
inmemory_trickle_repopulate_servers_ integer	 1
percent
max_auth_servers		     integer	 25
max_shared_servers		     integer
min_auth_servers		     integer	 1
parallel_max_servers		     integer	 0
parallel_min_servers		     integer	 0
parallel_servers_target 	     integer	 128
shared_servers			     integer	 0
SQL>


SQL> conn sysman/Intuit_123456
Connected.
SQL> set serveroutput on
declare
oms_guids mgmt_medium_string_array := mgmt_medium_string_array();
oms_names mgmt_medium_string_array := mgmt_medium_string_array();
mismatches smp_emd_nvpair_array := smp_emd_nvpair_array();
begin
select host_url, em_plugin_util.get_guid_from_name(unique_oms_name)
bulk collect into oms_names, oms_guids
from gc_oms_info;
for j in 1..oms_guids.count
loop
dbms_output.put_line('Checking mismatch for OMS ' || oms_names(j));
mismatches := smp_emd_nvpair_array();
em_plugin_inventory.get_plugin_mismatch(oms_guids(j), mismatches);
if mismatches is null or mismatches.count = 0
then
dbms_output.put_line('No mismatch found for OMS ' || oms_names(j));
else
dbms_output.put_line('Mismatch found for OMS ' || oms_names(j));
for i in 1..mismatches.SQL>   2    3    4    5    6    7    8    9   10   11   12   13   14   15   16   17   18   19  count
loop
dbms_output.put_line('Plug-in on repository: ' || nvl(mismatches(i).name, 'None') ||
', Plug-in on OMS: ' || nvl(mismatches(i).value, 'None'));
end loop;
end if;
end loop;
end;
/ 20   21   22   23   24   25   26   27
Checking mismatch for OMS
emmsysas1.emmsys-as.a.intuit.com:4889_Management_Service
No mismatch found for OMS
emmsysas1.emmsys-as.a.intuit.com:4889_Management_Service

PL/SQL procedure successfully completed.

SQL> select mt.target_name||' Agent Version='|| mtp.property_value from mgmt_target_properties mtp , mgmt_targets mt where mt.target_type='oracle_emd' and mt.target_guid = mtp.target_guid and mtp.property_name='Version' and mtp.property_value < '13.3.0.0.0';

MT.TARGET_NAME||'AGENTVERSION='||MTP.PROPERTY_VALUE
--------------------------------------------------------------------------------
synpds19c.cia4ixutxskb.us-west-2.rds.amazonaws.com:3872 Agent Version=13.2.0.0.0

SQL> SELECT job_type, status, cnt
FROM (
SELECT job_type, status, count(*) as cnt
FROM MGMT_JOB_EXEC_SUMMARY join MGMT_JOB_TYPE_INFO using (job_type_id)
WHERE status NOT IN(3,4,5,8,18,19,23)
group by job_type, status
order by 3, 1, 2
)
where cnt  2   > 10000;  3    4    5    6    7    8    9

no rows selected

SQL> select master, log_table from all_mview_logs where log_owner='SYSMAN';

no rows selected

SQL>
SQL> SELECT trigger_name FROM sys.dba_triggers WHERE TRIGGERING_EVENT LIKE 'LOGON%' AND status='ENABLED';

no rows selected

SQL> SELECT trigger_name FROM sys.dba_triggers WHERE TRIGGERING_EVENT LIKE 'LOGOFF%' AND status='ENABLED';

TRIGGER_NAME
--------------------------------------------------------------------------------
GSMLOGOFF

SQL>
SQL>
SQL> select owner from dba_objects where object_name='GSMLOGOFF';

OWNER
--------------------------------------------------------------------------------
GSMADMIN_INTERNAL

SQL> conn / as sysdba
Connected.
SQL> alter trigger GSMADMIN_INTERNAL.GSMLOGOFF disable;

Trigger altered.

SQL> select sid,serial#,username,status,action,machine from v$session where username is not null and status='ACTIVE';

       SID    SERIAL#
---------- ----------
USERNAME
--------------------------------------------------------------------------------
STATUS	 ACTION
-------- ----------------------------------------------------------------
MACHINE
----------------------------------------------------------------
       479	14412
SYS
ACTIVE
ip-10-72-62-47.vpc.internal


       SID    SERIAL#
---------- ----------
USERNAME
--------------------------------------------------------------------------------
STATUS	 ACTION
-------- ----------------------------------------------------------------
MACHINE
----------------------------------------------------------------
      5653	59454
SYS
ACTIVE
ip-10-72-62-47.vpc.internal


SQL> alter system set "_allow_insert_with_update_check"=true scope=both sid='*';

System altered.

SQL> alter system reset "_optimizer_nlj_hj_adaptive_join" scope=both sid='*';

System altered.

SQL> alter system reset "_optimizer_strans_adaptive_pruning" scope=both sid='*';

System altered.

SQL> alter system reset "_px_adaptive_dist_method" scope=both sid='*';

System altered.

SQL> alter system reset "_sql_plan_directive_mgmt_control" scope=both sid='*';

System altered.

SQL> alter system reset "_optimizer_dsdir_usage_control" scope=both sid='*';

System altered.

SQL> alter system reset "_optimizer_use_feedback" scope=both sid='*';

System altered.

SQL> alter system reset "_optimizer_gather_feedback" scope=both sid='*';

System altered.

SQL> alter system reset "_optimizer_performance_feedback" scope=both sid='*';

System altered.

SQL> select username from dba_users where username like '%OPSS%';

USERNAME
--------------------------------------------------------------------------------
SYSMAN_OPSS
SYSMAN122130_OPSS

SQL> select * from sysman122130_opss.jps_dn where parentdn like '%cn=roles%' and (rdn like '%'||CHR(9)||'%' OR rdn like '%\%' OR rdn like ' %' OR rdn like '% ') and (rdn like '%cn=%');


no rows selected

SQL> SQL>




========================== Client Upgrade ___________________


[oracle@ip-10-72-56-205 OMS_Patch]$ unzip p34761383_122140_Linux-x86-64.zip
Archive:  p34761383_122140_Linux-x86-64.zip
   creating: 34761383/
  inflating: 34761383/readme.txt
  inflating: 34761383/fmw_12.2.1.19.0_dbclient_linux64.bin
  inflating: 34761383/changePerm.sh
  inflating: 34761383/areasQueries.jar
  inflating: 34761383/rbScript.sh
[oracle@ip-10-72-56-205 OMS_Patch]$ cd 34761383
[oracle@ip-10-72-56-205 34761383]$ ./changePerm.sh /data/oracle/middleware13.5
Warning : OS Version could not be determined. Please check the Certification matrix and determine if the product is supported on this OS version.
Change permission of /data/oracle/middleware13.5/QOpatch/qopiprep.bat
Update areasQueries
Rename /data/oracle/middleware13.5/bin/skgxpinfo to /data/oracle/middleware13.5/bin/skgxpinfo.12c.bak

Starting rollback of Patches. This action may take some time ..........
ORACLE_HOME = /data/oracle/middleware13.5
PATCHES_LIST_IN_ORDER = 29494060,33779451,33897347,34454476
ONEOFF_PATCHES  = 34830313
####################### Begin : rollbackOneoffPatches() ########################
ORACLE_HOME=/data/oracle/middleware13.5
Patches to be rolled back=34830313

Running : /data/oracle/middleware13.5/OPatch/opatch lspatches -oh /data/oracle/middleware13.5 | grep -E "34830313"

Patch ID(s):



Rollback of Oneoff patch operation is not needed.Continue....

########################## End : rollbackOneoffPatches() ########################

real	0m5.433s
user	0m21.073s
sys	0m0.789s
####################### Begin : rollbackPatches() ########################
ORACLE_HOME=/data/oracle/middleware13.5
Patches to be rolled back=29494060|33779451|33897347|34454476

Running : /data/oracle/middleware13.5/OPatch/opatch lspatches -oh /data/oracle/middleware13.5 | grep -E "29494060|33779451|33897347|34454476"

Patch ID(s):



Rollback operation is not needed.Continue with Thin Installer

########################## End : rollbackPatches() ########################

real	0m5.320s
user	0m19.983s
sys	0m0.858s
All Success
[oracle@ip-10-72-56-205 34761383]$ ./changePermJDK.sh /data/oracle/middleware13.5
-bash: ./changePermJDK.sh: No such file or directory
[oracle@ip-10-72-56-205 34761383]$ export ORACLE_HOME=/data/oracle/middleware13.5
[oracle@ip-10-72-56-205 34761383]$ ./fmw_12.2.1.19.0_dbclient_linux64.bin -invPtrLoc ${ORACLE_HOME}/oraInst.loc -silent ORACLE_HOME=${ORACLE_HOME}
	Launcher log file is /tmp/OraInstall2026-01-05_11-03-07AM/launcher2026-01-05_11-03-07AM.log.
Checking if CPU speed is above 300 MHz.   Actual 3599.966 MHz    Passed
Checking swap space: must be greater than 512 MB.   Actual 15359 MB    Passed
Checking if this platform requires a 64-bit JVM.   Actual 64    Passed (-d64 flag is not required)
Checking temp space: must be greater than 300 MB.   Actual 50908 MB    Passed
Preparing to launch the Oracle Universal Installer from /tmp/OraInstall2026-01-05_11-03-07AM
Log: /tmp/OraInstall2026-01-05_11-03-07AM/install2026-01-05_11-03-07AM.log
Setting ORACLE_HOME...
Copyright (c) 1996, 2022, Oracle and/or its affiliates. All rights reserved.
Skipping Software Updates
Starting check : CertifiedVersions
Problem: This Oracle software was not certified on the current operating system at the time it was made generally available. It may have been certified following general availability.

Recommendation: Check the Supported System Configurations Guide (http://www.oracle.com/technetwork/middleware/ias/downloads/fusion-certification-100350.html) for further details. If your operating system is certified, check the System Requirements Guide (http://www.oracle.com/technetwork/middleware/ias/downloads/fusion-requirements-100147.html) to verify your system configuration.  If the system meets the required configuration, press "Next" if you wish to continue.

Expected result: One of oracle-8, redhat-7, oracle-7, SuSE-11, SuSE-12, SuSE-15
Actual result: SuSE-2
Warning: Check:CertifiedVersions completed with warnings.


Starting check : Packages
Prerequisite Check was skipped and did not execute.
Warning: Check:Packages completed with warnings.


Starting check : Kernel
Prerequisite Check was skipped and did not execute.
Warning: Check:Kernel completed with warnings.


Starting check : TotalMemory
Expected result: 1024MB
Actual Result: 31352MB
Check complete. The overall result of this check is: Passed
TotalMemory Check: Success.


Starting check : CheckJDKVersion
Expected result: 1.8.0_341
Actual Result: 1.8.0_341
Check complete. The overall result of this check is: Passed
CheckJDKVersion Check: Success.


Validations are enabled for this session.
Verifying data
Copying Files
Percent Complete : 10
Percent Complete : 20
Percent Complete : 30
Percent Complete : 40
Percent Complete : 50
Percent Complete : 60
Percent Complete : 70
Percent Complete : 80
Percent Complete : 90
Percent Complete : 100

The installation of Database Client 12.2.1.19.0 completed successfully.
Logs successfully copied to /data/oracle/oraInventory/logs.
[oracle@ip-10-72-56-205 34761383]$ $ORACLE_HOME/bin/sqlplus -version

SQL*Plus: Release 19.0.0.0.0 - Production
Version 19.14.0.0.0

[oracle@ip-10-72-56-205 34761383]$ cd /data/oracle/product/
[oracle@ip-10-72-56-205 product]$ ls -rlth
total 5.4G
drwx------. 30 oracle oinstall 4.0K Feb 24  2021 12.1.0.2
drwxr-xr-x.  2 oracle oinstall   50 Nov 10  2021 pull
drwxr-xr-x. 55 oracle oinstall 4.0K May 10  2023 19.3.0.0
-rw-r--r--.  1 oracle oinstall 1.1G Jan  5 09:56 19.3.0.0.zip
-rw-r--r--.  1 oracle oinstall 4.4G Jan  5 09:58 12.1.0.2.tar.gz
[oracle@ip-10-72-56-205 product]$ cd
[oracle@ip-10-72-56-205 ~]$ cd /data/o

DB

